
> offer-battle@2.2.0-dev.1 build
> tsc --noEmit && vite build

vite v8.3.1 building client environment for production...
transforming...
✓ 128 modules transformed.
rendering chunks...
computing gzip size...
dist/index.html                             0.57 kB │ gzip:   0.43 kB
dist/assets/bot.worker-COUeCcmh.js         90.56 kB
dist/assets/CreateOffer-f8ApeVhi.css       16.24 kB │ gzip:   3.21 kB
dist/assets/Battle-DsARtJJr.css            41.49 kB │ gzip:   9.17 kB
dist/assets/index-Bk4h0R2M.css            123.35 kB │ gzip:  23.54 kB
dist/assets/OfferReplacement-C13mNIRl.js    1.50 kB │ gzip:   0.82 kB │ map:     3.45 kB
dist/assets/Replay-CkMr1lI4.js              3.40 kB │ gzip:   1.68 kB │ map:     8.55 kB
dist/assets/CardDetails-B1qbBlR6.js         3.57 kB │ gzip:   1.66 kB │ map:     7.47 kB
dist/assets/MatchHistory-DAKvXrO4.js        3.96 kB │ gzip:   1.87 kB │ map:     9.35 kB
dist/assets/ExperimentHub-Bd7rj6wv.js       4.20 kB │ gzip:   1.99 kB │ map:     8.40 kB
dist/assets/Collection-BpH5a1AI.js          7.06 kB │ gzip:   2.82 kB │ map:    16.40 kB
dist/assets/Loadout-BuD_pmfJ.js             9.57 kB │ gzip:   3.78 kB │ map:    22.10 kB
dist/assets/CreateOffer-YGkheFts.js        38.74 kB │ gzip:  12.51 kB │ map:    87.92 kB
dist/assets/Battle-CdQS5hqN.js             71.31 kB │ gzip:  23.45 kB │ map:   208.48 kB
dist/assets/index-DQudlRlo.js             529.23 kB │ gzip: 173.00 kB │ map: 1,746.35 kB

[plugin builtin:vite-reporter] 
(!) Some chunks are larger than 500 kB after minification. Consider:
- Using dynamic import() to code-split the application
- Use build.rolldownOptions.output.codeSplitting to improve chunking: https://rolldown.rs/reference/OutputOptions.codeSplitting
- Adjust chunk size limit for this warning via build.chunkSizeWarningLimit.
✓ built in 794ms
