vite v8.3.1 building client environment for production...
transforming...
✓ 129 modules transformed.
rendering chunks...
computing gzip size...
dist-agent/index.html                             0.60 kB │ gzip:   0.44 kB
dist-agent/assets/bot.worker-COUeCcmh.js         90.51 kB
dist-agent/assets/CreateOffer-f8ApeVhi.css       16.24 kB │ gzip:   3.21 kB
dist-agent/assets/Battle-DTq5D-8L.css            41.61 kB │ gzip:   9.20 kB
dist-agent/assets/index-Bk4h0R2M.css            123.35 kB │ gzip:  23.54 kB
dist-agent/assets/OfferReplacement-DsaXl8eT.js    1.45 kB │ gzip:   0.78 kB
dist-agent/assets/Replay-C_c3Zlp0.js              3.36 kB │ gzip:   1.64 kB
dist-agent/assets/CardDetails-CBRt18nv.js         3.52 kB │ gzip:   1.61 kB
dist-agent/assets/MatchHistory-Bwu8nQLR.js        3.91 kB │ gzip:   1.83 kB
dist-agent/assets/ExperimentHub-D2VqawsB.js       4.15 kB │ gzip:   1.95 kB
dist-agent/assets/Collection-Ca_n4M9k.js          7.01 kB │ gzip:   2.78 kB
dist-agent/assets/Loadout-DpRn-OcX.js             9.52 kB │ gzip:   3.74 kB
dist-agent/assets/CreateOffer-CiosMQtL.js        38.70 kB │ gzip:  12.47 kB
dist-agent/assets/Battle-CA2fWAXI.js             71.26 kB │ gzip:  23.41 kB
dist-agent/assets/index-R7TBubvX.js             532.89 kB │ gzip: 174.17 kB

✓ built in 723ms
[plugin builtin:vite-reporter] 
(!) Some chunks are larger than 500 kB after minification. Consider:
- Using dynamic import() to code-split the application
- Use build.rolldownOptions.output.codeSplitting to improve chunking: https://rolldown.rs/reference/OutputOptions.codeSplitting
- Adjust chunk size limit for this warning via build.chunkSizeWarningLimit.
