
> offer-battle@2.2.0-dev.1 test
> tsx --test tests/*.test.ts

✔ cloud account login keeps guest profile, active room and legacy token intact; guests cannot call protected cloud APIs (12.610041ms)
✔ network failures preserve the account; a definitive 401 expires only the credential used by that request (1.028917ms)
✔ delayed logout does not delete a new login from another tab (0.646666ms)
✔ QA gateway novice allowlists contain only visible image/coordinate operations and deny source tools (0.7065ms)
✔ QA target and invitation validation prevent browser navigation into source, APIs or external sites (0.382792ms)
✔ QA public projections drop secret keys and local paths while CLI configuration disables alternate capabilities (0.333ms)
✔ generated soundtrack sources validate without MIDI claims and reject altered or missing originals (483.319833ms)
✔ score selection follows tutorial, pressure and result without overriding menu music (1.548958ms)
✔ music waits for a gesture, crossfades at equal power and maps the actual decoded durations (0.593625ms)
✔ music ducking recovers saved volume, hidden tabs pause, and disposed directors can remount (0.62525ms)
✔ rapid music changes and unavailable media never leave extra streams or throw (0.43325ms)
✔ six runtime music files match their manifest and declared source originals (16.471ms)
✔ motion cursor skips history and repeated/out-of-order snapshots, then accepts only new events (1.021875ms)
✔ new match resets the event cursor without replaying its initial history (0.216917ms)
✔ simultaneous attack damage and retirement stay in one animation group (0.344666ms)
✔ a burst of catch-up events keeps at most three recent animation groups (0.184375ms)
✔ flight follows the actual source and target centers and clamps progress (0.269834ms)
✔ ending is a separate final group after lethal damage and retirement, including catch-up (0.23325ms)
✔ lethal combat retains the dying front slot until its exit is complete (73.133291ms)
✔ connection snapshots do not release an unfinished exit or replay removed cards (23.633417ms)
✔ simultaneous exits keep survivors in place until all reserved slots are released (20.595792ms)
✔ a new arrival cannot replace a dying card while its old slot is still reserved (11.135125ms)
✔ return-to-hand exits reserve the source card rather than the hand destination (14.507375ms)
✔ changing matches discards all previous animation reservations (10.993583ms)
✔ P01 legacy drops T07 target; upgraded policy resolves actual enter damage (8.245792ms)
✔ P02 legacy drops T05 target; upgraded policy reinforces an existing unit (43.878542ms)
✔ P03 legacy chooses one S08 target; upgraded policy evaluates both selected units (8.748666ms)
✔ P04 985 skill then 5+2 attack is a real lethal combo (2.944792ms)
✔ P05 N15, P06 S03 and frontline attacks never choose avoidable immediate self defeat (16.113541ms)
✔ P07 N04, T09, B05 and draw actions account for fatal empty-deck fatigue (25.973834ms)
✔ T08 freezes the real threatening enemy target (0.699583ms)
✔ T03 and N06 can skip a harmful friendly return (1.091833ms)
✔ two damage cards remove a blocking unit before lethal face damage (12.789125ms)
✔ Offer death loses 2 mind and can complete a winning trade (2.070583ms)
✔ covered retorts prevent false unconditional lethal claims (11.606625ms)
✔ round twelve uses real end-turn mind adjudication (1.290291ms)
✔ attack first, then return a noticed Offer instead of losing its available attack (3.938167ms)
✔ clear friendly space before deploying an enter-damage winning Offer (19.7485ms)
✔ negotiation can save time for a necessary defensive second card even when full price is affordable (34.725667ms)
✔ topic changes evaluate both sides instead of always preferring future (4.148833ms)
✔ tax choice targets an affordable lethal card instead of blindly selecting the highest cost (5.825ms)
✔ consult choice takes a cheap answer that immediately removes a fatal Offer (2.05875ms)
✔ management cancels the pending frontline retirement at the actual turn boundary (2.66175ms)
✔ all seven supplied legacy defects reproduce across all three original styles (21 probes) (56.996292ms)
✔ all twelve difficulty/style combinations persist through rematch and replay metadata (270.438042ms)
✔ full setup is the default independently of training and selected bot setup is journaled (67.941167ms)
✔ pre-difficulty guest saves migrate to normal while preserving the current rule state (7.452375ms)
✔ setup enumerates 20 flex sets and 7/11 complete mulligan choices (36.205208ms)
✔ fixed legal observations, node budgets and bot seed yield identical root decisions (222.758917ms)
✔ all simulations including responses and beliefs share one fixed node budget (193.699666ms)
✔ simulation stops at unknown draws and newly revealed hand choices (32.356459ms)
✔ full simulation key distinguishes notifications, attack use, deck order and choices (1.213083ms)
✔ knowledge uses only legitimately visible hand and conservatively invalidates sorted cards (0.884458ms)
✔ belief reconstruction is detached from input and contains no battle RNG or true deck order (0.841959ms)
✔ safe initial action wins ties against an immediate loss even when every future line loses (1.126375ms)
✔ worker cancellation terminates CPU and drops the abandoned request (9.679542ms)
✔ bad worker versions and exceptions fall back with explicit diagnostics (11.209083ms)
✔ Node worker executes the same strategy contract off the main thread (74.350042ms)
✔ drag eligibility uses only the current authorized hand or Offer actions (0.582792ms)
✔ friendly row stages targeted cards for the chooser; an exact legal target resolves directly (0.12175ms)
✔ drop preserves real clause/topic choices for the existing chooser and never invents a multi-target selection (0.062083ms)
✔ local defaults preserve API and media routing with the current paper portrait (0.553417ms)
✔ Pages assets stay in their subfolder while API and uploads use the remote service (0.264ms)
✔ remote WebSocket uses WSS, preserves service prefix and carries encoded membership (0.250958ms)
✔ invitations open the Pages game folder and never expose the backend session (0.376875ms)
✔ external manifest resources and data or blob images are not prefixed (0.058292ms)
✔ misconfigured deployment URLs fail early rather than leaking API credentials (0.160542ms)
✔ Q01/Q07: a private draft has no invented salary and clearing a number is unknown rather than zero (3.674208ms)
✔ Q02/Q03: replacement parsing never inherits a prior salary, bonus, template or benefit; annual totals do not imply monthly salary (5.827125ms)
✔ Q04/Q06: explicit merge exposes differences and changing role invalidates the old template confirmation (0.542417ms)
✔ confirmed fields compile only after deliberate zero-income, conditions, template and benefit choices (0.741208ms)
✔ Q08/Q09: idempotency returns one entity; revisions keep IDs; copies allocate IDs; stale updates conflict (7.837791ms)
✔ Q10: revised collection, generated persona and recycle bin do not mutate running matches or historical definitions (8.484667ms)
✔ GEN02: identity and preferences persist, local persona varies by role and voice, speech is capped and deduplicated (0.710542ms)
✔ P2 defaults: every feature is false, explicit opt-in only; ordinary match initialization is untouched (2.651791ms)
✔ EXP02 CH01: fixed seed solution is legal, goal requires actual effects and replay repeats (3.446ms)
✔ EXP02 CH02: fixed seed solution is legal, goal requires actual effects and replay repeats (4.876333ms)
✔ EXP02 CH03: fixed seed solution is legal, goal requires actual effects and replay repeats (4.058458ms)
✔ EXP02 CH04: fixed seed solution is legal, goal requires actual effects and replay repeats (33.861ms)
✔ EXP02 CH05: fixed seed solution is legal, goal requires actual effects and replay repeats (7.916625ms)
✔ EXP03: scores are idempotent, loadouts lock, flex changes only between games, final result blocks another match (1.070417ms)
✔ EXP03: draws are explicit and nine drawn games stop the experiment without fabricating a winner (6.714792ms)
✔ EXP04: boss public conditions match the actual initial snapshot, future commands remain ordinary (1.529042ms)
✔ EXP05: achievements verify engine transitions; forged text and cosmetic fields cannot add rewards (8.312833ms)
✔ EXP01: one variable, baseline evidence gate, frozen experiment metadata and deterministic replay (3.54075ms)
✔ small action removal is sourced from real costs, retirement and extra mind loss without private log text (5.220917ms)
✔ cancelled action is a revealed retort event and never a successful removal (5.8625ms)
✔ notice, management and expired inspection join only through the same real unit identity (2.63675ms)
✔ two real successive area actions coalesce the shared deaths instead of one highlight per target (3.92325ms)
✔ negotiation requires its actual deployment and result-only records get descriptive learning (14.431667ms)
✔ share art identity exposes a bounded public family without original art URL or persona text (0.159333ms)
✔ local guest L01: legal learner steps, mentor, duplicate protection and deterministic replay (469.541ms)
✔ local guest L02: legal learner steps, mentor, duplicate protection and deterministic replay (144.234958ms)
✔ local guest L03: legal learner steps, mentor, duplicate protection and deterministic replay (66.38775ms)
✔ local guest L04: legal learner steps, mentor, duplicate protection and deterministic replay (96.218042ms)
✔ local guest L05: legal learner steps, mentor, duplicate protection and deterministic replay (120.517167ms)
✔ local bot plays a complete match with engine-only decisions, replay and reconstructible cloud-save seed (2068.882417ms)
✔ local temporary resume keeps tutorial, receipts and current replay; expired cache is discarded (34.925ms)
✔ local timer advances setup and turn deadlines, rejects forged TIMEOUT, and keeps training untimed (8.897417ms)
✔ local command envelope rejects stale state, altered reuse and previous-match IDs without changing state (19.159292ms)
✔ custom offers persist locally and loadouts use the compiled collection instead of client-forged attributes (4.06125ms)
✔ all practice setups use existing showcase engine and remain marked as practice for cloud-save restrictions (25.128958ms)
✔ local socket emits open/state updates and closes cleanly, with no remote connection (26.012459ms)
✔ local persisted 2.0 collection upgrades while a resumed match stays frozen until rematch (5.459459ms)
✔ local Offer saves are durable and idempotent; revision and recycle operations preserve running definitions (3.433417ms)
✔ local profile revisions detect a second tab and preserve the draft on storage failure; migration preserves its source (0.577583ms)
✔ P2 local runtime: explicit challenge fixtures solve through commands, cosmetics persist, and replay is marked experimental (65.827916ms)
✔ P2 local best of three: intermission survives reload, locks cards, accepts flex changes and stops after two wins (4.789209ms)
✔ motion catalog defines exactly forty original planned cues across five channels (0.358375ms)
✔ director deduplicates accepted event/channel keys without repeating their visual work (0.36175ms)
✔ formal motion waits for confirmation and performs no speculative visual change (0.073709ms)
✔ latest navigation cancels delayed callbacks, animations and previous cleanup exactly once (0.114792ms)
✔ battle backlogs compress after 1200ms and catch up after 2000ms without rule work (0.478041ms)
✔ visibility and reduced preference cancel resources while keeping the user preference authoritative (0.449708ms)
✔ a failed visual callback always settles its channel and lets later navigation run (0.258875ms)
✔ ten independent match scopes release all delayed callbacks and active resources (0.385625ms)
✔ direct pointer drag stays owned until release even when reduced, then releases resources on hidden (0.209708ms)
✔ historical compiler reconstructs the original 2.0 snapshot and 48-command golden replay (16.045083ms)
✔ new matches recompile legacy and forged definitions without changing historical snapshots (0.6045ms)
✔ historical loadouts reject unknown versions and reserved IDs and recompile forged stats (0.342709ms)
✔ incomplete legacy collections are retained but cannot supply unverified numbers to a new match (0.223458ms)
✔ public tuning exposes fixed categories while hiding precise cities, raw profiles and signing bonuses (1.953125ms)
✔ 同年包同类型：城市、行业、公司与工作性质分别改变属性取舍 (4.606375ms)
✔ 工作节奏和实习调整费用，基础属性随实际费用同步变化 (0.295584ms)
✔ 城市自动规则有边界，手选优先，自由文字不任意猜测强度 (0.303208ms)
✔ 所有类型、费用和倾向守恒，福利代价与一血下限不会创造额外属性 (15.011ms)
✔ 未确认或恶意字段被拒绝，客户端伪造属性与版本不会影响编译 (0.412791ms)
✔ 改名、股权描述和签字费不绕过费用，真实年包跨档后增加属性预算 (0.148666ms)
✔ 原版编译器完整保留旧身材与字段结构，新规则独立标识 (0.148417ms)
✔ profile: conditional writes reject stale or absent revisions, idempotent lost-response retries do not regress (0.670084ms)
✔ migration: read-only preview, authoritative compile, semantic dedup and explicit ID remapping preserve originals (7.524416ms)
✔ migration: conflicts never silently overwrite; cloud choice, keep both, revision guard and bounded payload (1.170667ms)
✔ invitation preview has enumerated states and no seat credentials or private offer values (0.28325ms)
✔ diagnostic allowlist drops every raw private string, stack, token, URL and metric claim (3.849708ms)
✔ 显式练习 SC01：校友集合到全校撑腰 (6.311708ms)
✔ 显式练习 SC02：本硕连读叠加 (5.604833ms)
✔ 显式练习 SC03：母校刚到，Offer先下班 (15.03075ms)
✔ 显式练习 SC04：三十五岁转管理 (18.261167ms)
✔ 显式练习 SC05：海外返场减费 (5.098166ms)
✔ 场景夹具只在显式调用时创建，可使用自定义双方身份 (0.360791ms)
✔ 薪资档位 149999 (1.754041ms)
✔ 薪资档位 150000 (0.087792ms)
✔ 薪资档位 249999 (0.051958ms)
✔ 薪资档位 250000 (0.047292ms)
✔ 薪资档位 399999 (0.048542ms)
✔ 薪资档位 400000 (0.056834ms)
✔ 薪资档位 599999 (0.045458ms)
✔ 薪资档位 600000 (0.0435ms)
✔ 薪资档位 899999 (0.051333ms)
✔ 薪资档位 900000 (0.077292ms)
✔ 薪资档位 2000000 (0.049875ms)
✔ 薪酬构成与签字费分离，重画规则恒定 (0.146667ms)
✔ 模板优先级和条款付费 (0.387708ms)
✔ 六个公共示例使用最新造卡规则 (0.045792ms)
✔ 所有学历搭配合法，排名边界与拒绝非法名次 (4.107959ms)
✔ 配队拒绝重复身份、三张同名基础牌、重复应对牌 (0.297875ms)
✔ 赛前选牌与换牌：替换先于洗回，第一回合抽牌 (2.007125ms)
✔ 原子拒绝不修改资源，重发只执行一次 (1.680542ms)
✔ 普通上桌疲惫，弹性安排可怼角色不可怼主角 (2.991875ms)
✔ 挡话约束仅主动开怼，拆台牌可绕过 (2.685625ms)
✔ 同时死亡与Offer反馈产生平局 (1.131917ms)
✔ 一线主动自损与退场同时处理，反击不自损 (0.631958ms)
✔ 先问工时降到零仍消耗开怼，销售不抽牌 (0.466541ms)
✔ 致命冲脸先判胜，不再触发截图 (0.371625ms)
✔ 回手保留年龄、清强化与伤害，重上桌新实例 (0.558792ms)
✔ 满手回手公开弃置，不扣退场心态 (0.3875ms)
✔ 年龄自然推进：22、27、31、35，手牌不推进 (18.915084ms)
✔ 硬件阶段保持已受伤害，期权与创业成长分离 (9.908ms)
✔ 谈薪优惠 2→1 (4.617792ms)
✔ 谈薪优惠 3→1 (1.124792ms)
✔ 谈薪优惠 4→2 (0.260791ms)
✔ 谈薪优惠 5→2 (0.283417ms)
✔ 谈薪优惠 6→3 (0.240083ms)
✔ 谈薪优惠 7→3 (0.24175ms)
✔ 谈薪不足资源原子拒绝，内推叠加最低1并消耗 (0.361792ms)
✔ 三十五岁通知锁上桌实例，完整响应回合后触发 (0.867625ms)
✔ 转管理使优化失效并关闭一线自损 (0.6815ms)
✔ 合同取消整张定向牌，但群体与学历技能不触发 (0.466458ms)
✔ 保障只减对手拆台伤害，群体消耗一次，直接退场不保护 (0.554625ms)
✔ 话题覆盖与下轮恢复，生活只额外恢复一次 (0.674708ms)
✔ 反话槽唯一，N24要求两个空位 (0.756708ms)
✔ 双学历共用机会，第4轮前不允许进修 (7.303375ms)
✔ 清北在选择前扣费，隐藏信息不泄露，新抽牌继续隐藏 (83.688083ms)
✔ C9空牌库不焦虑，已有便条拒绝，进修升级不叠加 (0.536084ms)
✔ C9筛选保留未选顺序到底，咨询拿牌后洗回 (6.839959ms)
✔ 隐藏流派完整四次学历行动合计9小时，加成不重置年龄、不额外攻击 (3.778583ms)
✔ 海外调度便条绑定身份、保年龄，使用后移除 (28.675666ms)
✔ S08最多两个不同目标；伤害保持 (0.693292ms)
✔ 换赛道需非空牌库，Offer不可被交换 (0.330667ms)
✔ 一次抽两张按序焦虑；第一次致命即停止 (0.411292ms)
✔ S00恢复先于焦虑，S03强化先于致命自损 (0.53ms)
✔ 全部21种学历技能通过真实合法命令发动 (282.784416ms)
✔ 全部30张通用牌通过真实合法命令使用 (137.704375ms)
✔ 所有11模板和7条款上桌执行，无未知处理器 (3.995875ms)
✔ 冻结两次只覆盖同一个下回合，结束后恢复 (10.062292ms)
✔ 第12轮后手完成恢复才比较心态 (0.722834ms)
✔ 超时默认选择、连续两次无行动判负；主动结束不算挂机 (0.995584ms)
✔ 视图不含牌库、随机种子、对方反话和未获知手牌身份 (1.807458ms)
✔ 相同种子、指令重放哈希一致，机器人只接收玩家视图 (681.933125ms)
✔ 临时角色保留规格原始耗时，S06上桌只能怼角色 (0.605959ms)
✔ 咨询先拿牌再结算安家补助；超时选择后的致命焦虑立即结束 (0.418833ms)
✔ 回手Offer的轮岗两种选择、谈薪上桌目标都出现在合法动作中 (3.645667ms)
✔ 合法动作仅携带真实条款选择，无目标学历不制造虚假目标 (7.496083ms)
✔ 公开视图剔除所有原始Offer输入与支持角色后台卡牌追踪 (2.623125ms)
✔ 岗位卡名与公司字段独立，显式命名不会改变规则哈希 (0.14075ms)
✔ 九张公共体验卡使用具体岗位；新增三张是明确虚构薪酬 (0.0595ms)
✔ 没有友方角色时恢复技能可空放，但拒绝伪造敌方目标 (0.487041ms)
✔ 新职业默认回落普通同事，手选玩法类型仍使用固定公式 (0.15625ms)
✔ 固定模板下改卡名、公司显示和美术不会改战斗数值或规则哈希 (0.073542ms)
✔ 签字费保留在收藏定义，Offer区、回手牌、已知牌与窥视快照均不公开 (1.663084ms)
✔ 攻击演出包含真实攻击者、同时反击与死亡前位置快照 (3.006292ms)
✔ 一线自损是同一次攻击演出的变化，冲脸不产生虚构反击 (2.759375ms)
✔ 学历演出明确区分主技能与进修，多目标和隐藏流派阶段不靠文案推断 (8.402875ms)
✔ 治疗和保障减伤演出使用实际结算量，上桌能力来源为该角色 (15.941708ms)
✔ 反话盖下不泄漏身份，只有真实翻开才产生对应反话演出 (6.259416ms)
✔ 抽牌演出只有通用牌背锚点，窥视也不会广播隐私选择 (2.323791ms)
✔ 演出ID可稳定去重并支持确定性回放，读取视图不会共享可变对象 (15.747292ms)
✔ 演出队列沿用事件授权过滤，不暴露私有事件且保持有序上限 (1.939791ms)
✔ Node Offer transactions: concurrent retries, stable revision, frozen active match, copy, delete and restore (277.935ms)
✔ Node optional generation sends saved preferences and seed; late results cannot overwrite a revision (65.345834ms)
✔ Node image failure keeps the playable card; retry persists the current job and returns real art (95.455208ms)
✔ Node profile CAS, explicit migration and public invite projection share the service contract (33.757334ms)
✔ P2 Node: server flags gate fixtures and series; legitimate experiments retain replay metadata (56.016666ms)
✔ network configuration rejects wildcard, malformed origin and invalid bounds (0.565208ms)
✔ Pages origin can preflight and authenticate; unknown origins and headers are rejected (63.985625ms)
✔ generated art has cache-safe CORS for anonymous canvas export (43.884125ms)
✔ WebSocket shares the HTTP origin policy and still authenticates the seat (49.063875ms)
✔ entry quotas reject bursts, ignore untrusted forwarded IPs and recover after their window (27.01225ms)
✔ WebSocket active connection and message quotas cannot bypass admission (11.784083ms)
✔ heartbeat preserves responsive players and removes half-open sockets (171.424041ms)
✔ atomic writes preserve invocation order, capture mutable data immediately, and retain one complete previous snapshot (138.995417ms)
✔ atomic write errors reach the caller and do not poison a subsequent explicit retry (3.699459ms)
✔ server shutdown cancels queued generation and persists a retryable job without recreating removed data (122.953083ms)
✔ server shutdown aborts an in-flight remote generation and saves its retryable status (46.300042ms)
✔ friend HTTP: readiness, hidden setup, authenticated seats, stale versions, idempotence and replay (223.128167ms)
✔ WebSocket: independent sessions receive private views, reconnect retains seat and deadline (101.040459ms)
✔ zero-key Offer compilation and profile persistence, failed generation remains retryable (137.783667ms)
✔ server restart restores snapshot, room membership and filtered replay (67.031291ms)
✔ server deadlines default hidden choices and two inactive turns lose (293.563084ms)
✔ all three bot strategies finish a real zero-key HTTP match and replay verifies (6725.679875ms)
✔ atomic storage recovers backup without silently resetting corrupt saves (2.27775ms)
✔ static hosting blocks private data, environment and server sources (6.699166ms)
✔ network trust boundary rejects cross-origin WebSockets and ignores forged Offer numbers (7.890333ms)
✔ explicit practice fixtures are isolated from friend matches and replay through normal commands (15.853334ms)
✔ custom job names and validated rule archetype overrides preserve future Offer support (8.252666ms)
✔ Node restart upgrades 2.0 collections and both rematch seats while preserving archived replay (215.841375ms)
✔ share projection removes raw text, salary, names and id from every export field by default (6.928708ms)
✔ lineup invitation has a stable neutral filename and no opponent/private school inference (0.252625ms)
✔ battle report ignores raw event names and distinguishes expired notice from optimization (19.283708ms)
✔ semantic cues schedule attack, impact, retirement and education audio at the animation beats (0.703958ms)
✔ each event is heard once across snapshots, duplicates, stale updates and mute changes (0.668125ms)
✔ SFX concurrency is capped, hidden tabs stop tails and timers, and playback failures stay quiet (1.043542ms)
✔ ending sound plays once at the fracture beat after the final attack, with both perspectives and a quiet draw (0.52475ms)
✔ real simultaneous combat death produces one impact and shared retirement at the 220 ms contact (10.330125ms)
✔ real eight-target action coalesces eight damage and retirement cues into one impact and one exit layer (3.906125ms)
✔ real JLU ultimate followed by an eight-target action keeps its charge and follows the visual group boundary (3.600958ms)
✔ crowded aftermath preserves the skill charge and pending audio keeps only the newest three motion groups (0.511ms)
✔ public starter selection has five complete exact education pairs and gates the sixth (2.330792ms)
✔ every starter is an ordinary legal complete deck with public cards and explicit tradeoffs (0.697292ms)
✔ editing returned arrays and definitions cannot mutate another starter or the public catalog (0.985334ms)
✔ all six starters can finish legal ordinary games and replay exactly without extra rules (1422.726458ms)
✔ interactive tutorial L01: complete every legal learner step, scripted mentor and verified replay (279.553708ms)
✔ interactive tutorial L02: complete every legal learner step, scripted mentor and verified replay (183.1525ms)
✔ interactive tutorial L03: complete every legal learner step, scripted mentor and verified replay (147.429167ms)
✔ interactive tutorial L04: complete every legal learner step, scripted mentor and verified replay (195.391417ms)
✔ interactive tutorial L05: complete every legal learner step, scripted mentor and verified replay (248.705458ms)
✔ tutorial mode cannot enter friend or ordinary bot matches and does not accept unknown or combined fixtures (26.275167ms)
✔ tutorial progress and deterministic mentor actions survive service restart and cannot skip targets (57.891042ms)
✔ ranking boundaries 50/51/100/101 and invalid values remain explicit (0.680417ms)
✔ deck checks report actual counts and incomplete slots without invented win odds (0.300917ms)
✔ preview matches engine combat and offer retirement mind penalty, never mutates input (2.849959ms)
✔ preview self damage and fatigue use actual rules, stale commands do not become actions (1.023291ms)
✔ hidden hand, retort identity and RNG changes cannot alter public previews (1.890667ms)
✔ hints are situational, dismissible and absent on opponent or finished turn (0.523541ms)
ℹ tests 274
ℹ suites 0
ℹ pass 274
ℹ fail 0
ℹ cancelled 0
ℹ skipped 0
ℹ todo 0
ℹ duration_ms 8657.75125
