
> offer-battle@2.2.0-dev.1 test
> tsx --test tests/*.test.ts

✔ cloud account login keeps guest profile, active room and legacy token intact; guests cannot call protected cloud APIs (16.290584ms)
✔ network failures preserve the account; a definitive 401 expires only the credential used by that request (0.488792ms)
✔ delayed logout does not delete a new login from another tab (0.306834ms)
✔ QA gateway novice allowlists contain only visible image/coordinate operations and deny source tools (1.087833ms)
✔ QA target and invitation validation prevent browser navigation into source, APIs or external sites (0.768042ms)
✔ QA public projections drop secret keys and local paths while CLI configuration disables alternate capabilities (0.597417ms)
✔ generated soundtrack sources validate without MIDI claims and reject altered or missing originals (472.098917ms)
✔ score selection follows tutorial, pressure and result without overriding menu music (1.120209ms)
✔ music waits for a gesture, crossfades at equal power and maps the actual decoded durations (1.322167ms)
✔ music ducking recovers saved volume, hidden tabs pause, and disposed directors can remount (0.517ms)
✔ rapid music changes and unavailable media never leave extra streams or throw (0.425458ms)
✔ six runtime music files match their manifest and declared source originals (16.730875ms)
✔ motion cursor skips history and repeated/out-of-order snapshots, then accepts only new events (1.225084ms)
✔ new match resets the event cursor without replaying its initial history (0.13225ms)
✔ simultaneous attack damage and retirement stay in one animation group (0.222834ms)
✔ a burst of catch-up events keeps at most three recent animation groups (0.121959ms)
✔ flight follows the actual source and target centers and clamps progress (0.219916ms)
✔ ending is a separate final group after lethal damage and retirement, including catch-up (1.619334ms)
✔ lethal combat retains the dying front slot until its exit is complete (102.848375ms)
✔ connection snapshots do not release an unfinished exit or replay removed cards (9.667125ms)
✔ simultaneous exits keep survivors in place until all reserved slots are released (15.737458ms)
✔ a new arrival cannot replace a dying card while its old slot is still reserved (40.96225ms)
✔ return-to-hand exits reserve the source card rather than the hand destination (30.026ms)
✔ changing matches discards all previous animation reservations (8.929666ms)
✔ P01 legacy drops T07 target; upgraded policy resolves actual enter damage (4.261833ms)
✔ P02 legacy drops T05 target; upgraded policy reinforces an existing unit (1.569292ms)
✔ P03 legacy chooses one S08 target; upgraded policy evaluates both selected units (45.0885ms)
✔ P04 985 skill then 5+2 attack is a real lethal combo (2.053958ms)
✔ P05 N15, P06 S03 and frontline attacks never choose avoidable immediate self defeat (39.083083ms)
✔ P07 N04, T09, B05 and draw actions account for fatal empty-deck fatigue (15.865458ms)
✔ T08 freezes the real threatening enemy target (1.595ms)
✔ T03 and N06 can skip a harmful friendly return (3.499959ms)
✔ two damage cards remove a blocking unit before lethal face damage (15.124542ms)
✔ Offer death loses 2 mind and can complete a winning trade (1.2025ms)
✔ covered retorts prevent false unconditional lethal claims (43.138584ms)
✔ round twelve uses real end-turn mind adjudication (3.413917ms)
✔ attack first, then return a noticed Offer instead of losing its available attack (2.171792ms)
✔ clear friendly space before deploying an enter-damage winning Offer (3.977917ms)
✔ negotiation can save time for a necessary defensive second card even when full price is affordable (18.125792ms)
✔ topic changes evaluate both sides instead of always preferring future (4.407291ms)
✔ tax choice targets an affordable lethal card instead of blindly selecting the highest cost (1.6615ms)
✔ consult choice takes a cheap answer that immediately removes a fatal Offer (2.850459ms)
✔ management cancels the pending frontline retirement at the actual turn boundary (2.797459ms)
✔ all seven supplied legacy defects reproduce across all three original styles (21 probes) (66.937292ms)
✔ all twelve difficulty/style combinations persist through rematch and replay metadata (325.422ms)
✔ full setup is the default independently of training and selected bot setup is journaled (82.463625ms)
✔ pre-difficulty guest saves migrate to normal while preserving the current rule state (7.298416ms)
✔ setup enumerates 20 flex sets and 7/11 complete mulligan choices (14.24675ms)
✔ fixed legal observations, node budgets and bot seed yield identical root decisions (284.490625ms)
✔ all simulations including responses and beliefs share one fixed node budget (147.985625ms)
✔ simulation stops at unknown draws and newly revealed hand choices (47.104625ms)
✔ full simulation key distinguishes notifications, attack use, deck order and choices (1.004875ms)
✔ knowledge uses only legitimately visible hand and conservatively invalidates sorted cards (5.635625ms)
✔ belief reconstruction is detached from input and contains no battle RNG or true deck order (0.927166ms)
✔ safe initial action wins ties against an immediate loss even when every future line loses (0.729708ms)
✔ worker cancellation terminates CPU and drops the abandoned request (3.155708ms)
✔ bad worker versions and exceptions fall back with explicit diagnostics (1.357459ms)
✔ Node worker executes the same strategy contract off the main thread (88.358459ms)
✔ drag eligibility uses only the current authorized hand or Offer actions (0.645917ms)
✔ friendly row stages targeted cards for the chooser; an exact legal target resolves directly (0.12275ms)
✔ drop preserves real clause/topic choices for the existing chooser and never invents a multi-target selection (0.065708ms)
✔ local defaults preserve API and media routing with the current paper portrait (1.078083ms)
✔ Pages assets stay in their subfolder while API and uploads use the remote service (0.18125ms)
✔ remote WebSocket uses WSS, preserves service prefix and carries encoded membership (2.941ms)
✔ invitations open the Pages game folder and never expose the backend session (0.442792ms)
✔ external manifest resources and data or blob images are not prefixed (0.077666ms)
✔ misconfigured deployment URLs fail early rather than leaking API credentials (0.172833ms)
✔ Q01/Q07: a private draft has no invented salary and clearing a number is unknown rather than zero (2.299291ms)
✔ Q02/Q03: replacement parsing never inherits a prior salary, bonus, template or benefit; annual totals do not imply monthly salary (3.637416ms)
✔ Q04/Q06: explicit merge exposes differences and changing role invalidates the old template confirmation (0.224917ms)
✔ confirmed fields compile only after deliberate zero-income, conditions, template and benefit choices (0.340583ms)
✔ Q08/Q09: idempotency returns one entity; revisions keep IDs; copies allocate IDs; stale updates conflict (4.167334ms)
✔ Q10: revised collection, generated persona and recycle bin do not mutate running matches or historical definitions (7.12375ms)
✔ GEN02: identity and preferences persist, local persona varies by role and voice, speech is capped and deduplicated (2.347708ms)
✔ P2 defaults: every feature is false, explicit opt-in only; ordinary match initialization is untouched (6.570917ms)
✔ EXP02 CH01: fixed seed solution is legal, goal requires actual effects and replay repeats (2.662917ms)
✔ EXP02 CH02: fixed seed solution is legal, goal requires actual effects and replay repeats (6.995875ms)
✔ EXP02 CH03: fixed seed solution is legal, goal requires actual effects and replay repeats (2.043708ms)
✔ EXP02 CH04: fixed seed solution is legal, goal requires actual effects and replay repeats (7.261167ms)
✔ EXP02 CH05: fixed seed solution is legal, goal requires actual effects and replay repeats (3.492666ms)
✔ EXP03: scores are idempotent, loadouts lock, flex changes only between games, final result blocks another match (2.82325ms)
✔ EXP03: draws are explicit and nine drawn games stop the experiment without fabricating a winner (1.518208ms)
✔ EXP04: boss public conditions match the actual initial snapshot, future commands remain ordinary (0.674083ms)
✔ EXP05: achievements verify engine transitions; forged text and cosmetic fields cannot add rewards (9.192916ms)
✔ EXP01: one variable, baseline evidence gate, frozen experiment metadata and deterministic replay (2.980042ms)
✔ small action removal is sourced from real costs, retirement and extra mind loss without private log text (10.115458ms)
✔ cancelled action is a revealed retort event and never a successful removal (8.99625ms)
✔ notice, management and expired inspection join only through the same real unit identity (1.129916ms)
✔ two real successive area actions coalesce the shared deaths instead of one highlight per target (4.218667ms)
✔ negotiation requires its actual deployment and result-only records get descriptive learning (2.24325ms)
✔ share art identity exposes a bounded public family without original art URL or persona text (0.138875ms)
✔ local guest L01: legal learner steps, mentor, duplicate protection and deterministic replay (387.403292ms)
✔ local guest L02: legal learner steps, mentor, duplicate protection and deterministic replay (199.260791ms)
✔ local guest L03: legal learner steps, mentor, duplicate protection and deterministic replay (75.380958ms)
✔ local guest L04: legal learner steps, mentor, duplicate protection and deterministic replay (106.209916ms)
✔ local guest L05: legal learner steps, mentor, duplicate protection and deterministic replay (127.063542ms)
✔ local bot plays a complete match with engine-only decisions, replay and reconstructible cloud-save seed (1394.472583ms)
✔ local temporary resume keeps tutorial, receipts and current replay; expired cache is discarded (45.529667ms)
✔ local timer advances setup and turn deadlines, rejects forged TIMEOUT, and keeps training untimed (13.4595ms)
✔ local command envelope rejects stale state, altered reuse and previous-match IDs without changing state (25.258917ms)
✔ custom offers persist locally and loadouts use the compiled collection instead of client-forged attributes (8.349667ms)
✔ all practice setups use existing showcase engine and remain marked as practice for cloud-save restrictions (33.54325ms)
✔ local socket emits open/state updates and closes cleanly, with no remote connection (37.777875ms)
✔ local persisted 2.0 collection upgrades while a resumed match stays frozen until rematch (10.089417ms)
✔ local Offer saves are durable and idempotent; revision and recycle operations preserve running definitions (4.857958ms)
✔ local profile revisions detect a second tab and preserve the draft on storage failure; migration preserves its source (1.469375ms)
✔ P2 local runtime: explicit challenge fixtures solve through commands, cosmetics persist, and replay is marked experimental (94.9425ms)
✔ P2 local best of three: intermission survives reload, locks cards, accepts flex changes and stops after two wins (10.454084ms)
✔ measured sustained poor frames lower quality only once and emit numeric aggregate diagnostics (0.77775ms)
✔ a healthy window between poor windows prevents one-off lowering (0.152292ms)
✔ long frame ratio can lower quality even with an acceptable p95 (0.158416ms)
✔ navigation pauses and suspension-sized gaps discard partial windows and restart warmup (0.297708ms)
✔ runtime loop cancels on hidden or reduced settings, resumes cleanly and releases on dispose (0.34475ms)
✔ motion catalog defines exactly forty original planned cues across five channels (0.857291ms)
✔ director deduplicates accepted event/channel keys without repeating their visual work (0.953ms)
✔ formal motion waits for confirmation and performs no speculative visual change (0.920333ms)
✔ latest navigation cancels delayed callbacks, animations and previous cleanup exactly once (1.219583ms)
✔ battle backlogs compress after 1200ms and catch up after 2000ms without rule work (0.532791ms)
✔ visibility and reduced preference cancel resources while keeping the user preference authoritative (0.168542ms)
✔ a failed visual callback always settles its channel and lets later navigation run (0.109375ms)
✔ ten independent match scopes release all delayed callbacks and active resources (0.181125ms)
✔ direct pointer drag stays owned until release even when reduced, then releases resources on hidden (0.09525ms)
✔ historical compiler reconstructs the original 2.0 snapshot and 48-command golden replay (20.326708ms)
✔ new matches recompile legacy and forged definitions without changing historical snapshots (0.729167ms)
✔ historical loadouts reject unknown versions and reserved IDs and recompile forged stats (0.35625ms)
✔ incomplete legacy collections are retained but cannot supply unverified numbers to a new match (0.23275ms)
✔ public tuning exposes fixed categories while hiding precise cities, raw profiles and signing bonuses (2.03225ms)
✔ 同年包同类型：城市、行业、公司与工作性质分别改变属性取舍 (5.902167ms)
✔ 工作节奏和实习调整费用，基础属性随实际费用同步变化 (2.353417ms)
✔ 城市自动规则有边界，手选优先，自由文字不任意猜测强度 (1.779833ms)
✔ 所有类型、费用和倾向守恒，福利代价与一血下限不会创造额外属性 (26.656625ms)
✔ 未确认或恶意字段被拒绝，客户端伪造属性与版本不会影响编译 (2.137583ms)
✔ 改名、股权描述和签字费不绕过费用，真实年包跨档后增加属性预算 (0.203625ms)
✔ 原版编译器完整保留旧身材与字段结构，新规则独立标识 (0.18075ms)
✔ profile: conditional writes reject stale or absent revisions, idempotent lost-response retries do not regress (0.715334ms)
✔ migration: read-only preview, authoritative compile, semantic dedup and explicit ID remapping preserve originals (10.704209ms)
✔ migration: conflicts never silently overwrite; cloud choice, keep both, revision guard and bounded payload (2.933833ms)
✔ invitation preview has enumerated states and no seat credentials or private offer values (10.106ms)
✔ diagnostic allowlist drops every raw private string, stack, token, URL and metric claim (5.861583ms)
✔ 显式练习 SC01：校友集合到全校撑腰 (6.283667ms)
✔ 显式练习 SC02：本硕连读叠加 (3.365834ms)
✔ 显式练习 SC03：母校刚到，Offer先下班 (16.766375ms)
✔ 显式练习 SC04：三十五岁转管理 (2.973458ms)
✔ 显式练习 SC05：海外返场减费 (2.145209ms)
✔ 场景夹具只在显式调用时创建，可使用自定义双方身份 (1.032042ms)
✔ 薪资档位 149999 (1.594417ms)
✔ 薪资档位 150000 (0.145042ms)
✔ 薪资档位 249999 (0.091667ms)
✔ 薪资档位 250000 (0.056917ms)
✔ 薪资档位 399999 (0.051041ms)
✔ 薪资档位 400000 (0.092208ms)
✔ 薪资档位 599999 (0.04375ms)
✔ 薪资档位 600000 (0.040958ms)
✔ 薪资档位 899999 (0.051ms)
✔ 薪资档位 900000 (0.108917ms)
✔ 薪资档位 2000000 (0.060625ms)
✔ 薪酬构成与签字费分离，重画规则恒定 (0.155833ms)
✔ 模板优先级和条款付费 (0.4265ms)
✔ 六个公共示例使用最新造卡规则 (0.0535ms)
✔ 所有学历搭配合法，排名边界与拒绝非法名次 (4.536708ms)
✔ 配队拒绝重复身份、三张同名基础牌、重复应对牌 (0.165083ms)
✔ 赛前选牌与换牌：替换先于洗回，第一回合抽牌 (1.083541ms)
✔ 原子拒绝不修改资源，重发只执行一次 (0.677167ms)
✔ 普通上桌疲惫，弹性安排可怼角色不可怼主角 (2.36575ms)
✔ 挡话约束仅主动开怼，拆台牌可绕过 (1.668125ms)
✔ 同时死亡与Offer反馈产生平局 (0.694833ms)
✔ 一线主动自损与退场同时处理，反击不自损 (0.507625ms)
✔ 先问工时降到零仍消耗开怼，销售不抽牌 (0.451292ms)
✔ 致命冲脸先判胜，不再触发截图 (0.832833ms)
✔ 回手保留年龄、清强化与伤害，重上桌新实例 (5.942625ms)
✔ 满手回手公开弃置，不扣退场心态 (2.1925ms)
✔ 年龄自然推进：22、27、31、35，手牌不推进 (51.843833ms)
✔ 硬件阶段保持已受伤害，期权与创业成长分离 (0.673916ms)
✔ 谈薪优惠 2→1 (0.494542ms)
✔ 谈薪优惠 3→1 (0.251666ms)
✔ 谈薪优惠 4→2 (0.313416ms)
✔ 谈薪优惠 5→2 (5.274833ms)
✔ 谈薪优惠 6→3 (0.246916ms)
✔ 谈薪优惠 7→3 (0.226375ms)
✔ 谈薪不足资源原子拒绝，内推叠加最低1并消耗 (6.18875ms)
✔ 三十五岁通知锁上桌实例，完整响应回合后触发 (1.461917ms)
✔ 转管理使优化失效并关闭一线自损 (1.408417ms)
✔ 合同取消整张定向牌，但群体与学历技能不触发 (0.552959ms)
✔ 保障只减对手拆台伤害，群体消耗一次，直接退场不保护 (3.624542ms)
✔ 话题覆盖与下轮恢复，生活只额外恢复一次 (0.794959ms)
✔ 反话槽唯一，N24要求两个空位 (2.177041ms)
✔ 双学历共用机会，第4轮前不允许进修 (0.803792ms)
✔ 清北在选择前扣费，隐藏信息不泄露，新抽牌继续隐藏 (13.599625ms)
✔ C9空牌库不焦虑，已有便条拒绝，进修升级不叠加 (4.019208ms)
✔ C9筛选保留未选顺序到底，咨询拿牌后洗回 (0.712125ms)
✔ 隐藏流派完整四次学历行动合计9小时，加成不重置年龄、不额外攻击 (3.436542ms)
✔ 海外调度便条绑定身份、保年龄，使用后移除 (2.594334ms)
✔ S08最多两个不同目标；伤害保持 (1.459083ms)
✔ 换赛道需非空牌库，Offer不可被交换 (0.692458ms)
✔ 一次抽两张按序焦虑；第一次致命即停止 (0.905125ms)
✔ S00恢复先于焦虑，S03强化先于致命自损 (1.23175ms)
✔ 全部21种学历技能通过真实合法命令发动 (317.92425ms)
✔ 全部30张通用牌通过真实合法命令使用 (181.61ms)
✔ 所有11模板和7条款上桌执行，无未知处理器 (4.578542ms)
✔ 冻结两次只覆盖同一个下回合，结束后恢复 (7.850833ms)
✔ 第12轮后手完成恢复才比较心态 (0.428125ms)
✔ 超时默认选择、连续两次无行动判负；主动结束不算挂机 (1.275916ms)
✔ 视图不含牌库、随机种子、对方反话和未获知手牌身份 (1.80025ms)
✔ 相同种子、指令重放哈希一致，机器人只接收玩家视图 (745.205625ms)
✔ 临时角色保留规格原始耗时，S06上桌只能怼角色 (1.588833ms)
✔ 咨询先拿牌再结算安家补助；超时选择后的致命焦虑立即结束 (0.436542ms)
✔ 回手Offer的轮岗两种选择、谈薪上桌目标都出现在合法动作中 (2.321416ms)
✔ 合法动作仅携带真实条款选择，无目标学历不制造虚假目标 (5.139ms)
✔ 公开视图剔除所有原始Offer输入与支持角色后台卡牌追踪 (3.294792ms)
✔ 岗位卡名与公司字段独立，显式命名不会改变规则哈希 (0.165292ms)
✔ 九张公共体验卡使用具体岗位；新增三张是明确虚构薪酬 (0.0765ms)
✔ 没有友方角色时恢复技能可空放，但拒绝伪造敌方目标 (0.48025ms)
✔ 新职业默认回落普通同事，手选玩法类型仍使用固定公式 (0.15725ms)
✔ 固定模板下改卡名、公司显示和美术不会改战斗数值或规则哈希 (0.073208ms)
✔ 签字费保留在收藏定义，Offer区、回手牌、已知牌与窥视快照均不公开 (2.448167ms)
✔ 攻击演出包含真实攻击者、同时反击与死亡前位置快照 (2.398083ms)
✔ 一线自损是同一次攻击演出的变化，冲脸不产生虚构反击 (2.9665ms)
✔ 学历演出明确区分主技能与进修，多目标和隐藏流派阶段不靠文案推断 (10.556334ms)
✔ 治疗和保障减伤演出使用实际结算量，上桌能力来源为该角色 (18.1335ms)
✔ 反话盖下不泄漏身份，只有真实翻开才产生对应反话演出 (9.677208ms)
✔ 抽牌演出只有通用牌背锚点，窥视也不会广播隐私选择 (1.147459ms)
✔ 演出ID可稳定去重并支持确定性回放，读取视图不会共享可变对象 (14.639167ms)
✔ 演出队列沿用事件授权过滤，不暴露私有事件且保持有序上限 (1.913583ms)
✔ Node Offer transactions: concurrent retries, stable revision, frozen active match, copy, delete and restore (236.3205ms)
✔ Node optional generation sends saved preferences and seed; late results cannot overwrite a revision (54.634875ms)
✔ Node image failure keeps the playable card; retry persists the current job and returns real art (123.814542ms)
✔ Node profile CAS, explicit migration and public invite projection share the service contract (27.493666ms)
✔ P2 Node: server flags gate fixtures and series; legitimate experiments retain replay metadata (67.296708ms)
✔ network configuration rejects wildcard, malformed origin and invalid bounds (1.530333ms)
✔ Pages origin can preflight and authenticate; unknown origins and headers are rejected (116.303333ms)
✔ generated art has cache-safe CORS for anonymous canvas export (38.762125ms)
✔ WebSocket shares the HTTP origin policy and still authenticates the seat (17.494042ms)
✔ entry quotas reject bursts, ignore untrusted forwarded IPs and recover after their window (26.958959ms)
✔ WebSocket active connection and message quotas cannot bypass admission (10.135541ms)
✔ heartbeat preserves responsive players and removes half-open sockets (75.734083ms)
✔ atomic writes preserve invocation order, capture mutable data immediately, and retain one complete previous snapshot (84.996375ms)
✔ atomic write errors reach the caller and do not poison a subsequent explicit retry (10.632167ms)
✔ server shutdown cancels queued generation and persists a retryable job without recreating removed data (108.616375ms)
✔ server shutdown aborts an in-flight remote generation and saves its retryable status (43.575417ms)
✔ friend HTTP: readiness, hidden setup, authenticated seats, stale versions, idempotence and replay (210.685166ms)
✔ WebSocket: independent sessions receive private views, reconnect retains seat and deadline (107.864167ms)
✔ zero-key Offer compilation and profile persistence, failed generation remains retryable (157.241625ms)
✔ server restart restores snapshot, room membership and filtered replay (69.687042ms)
✔ server deadlines default hidden choices and two inactive turns lose (293.6795ms)
✔ all three bot strategies finish a real zero-key HTTP match and replay verifies (9238.307084ms)
✔ atomic storage recovers backup without silently resetting corrupt saves (2.614166ms)
✔ static hosting blocks private data, environment and server sources (6.80875ms)
✔ network trust boundary rejects cross-origin WebSockets and ignores forged Offer numbers (9.650084ms)
✔ explicit practice fixtures are isolated from friend matches and replay through normal commands (17.167625ms)
✔ custom job names and validated rule archetype overrides preserve future Offer support (9.74075ms)
✔ Node restart upgrades 2.0 collections and both rematch seats while preserving archived replay (238.951042ms)
✔ share projection removes raw text, salary, names and id from every export field by default (2.205291ms)
✔ lineup invitation has a stable neutral filename and no opponent/private school inference (0.495583ms)
✔ battle report ignores raw event names and distinguishes expired notice from optimization (6.596708ms)
✔ semantic cues schedule attack, impact, retirement and education audio at the animation beats (0.700542ms)
✔ each event is heard once across snapshots, duplicates, stale updates and mute changes (0.669ms)
✔ SFX concurrency is capped, hidden tabs stop tails and timers, and playback failures stay quiet (0.291042ms)
✔ ending sound plays once at the fracture beat after the final attack, with both perspectives and a quiet draw (0.24375ms)
✔ real simultaneous combat death produces one impact and shared retirement at the 220 ms contact (4.637ms)
✔ real eight-target action coalesces eight damage and retirement cues into one impact and one exit layer (4.246209ms)
✔ real JLU ultimate followed by an eight-target action keeps its charge and follows the visual group boundary (23.54925ms)
✔ crowded aftermath preserves the skill charge and pending audio keeps only the newest three motion groups (1.119959ms)
✔ public starter selection has five complete exact education pairs and gates the sixth (1.06325ms)
✔ every starter is an ordinary legal complete deck with public cards and explicit tradeoffs (0.679667ms)
✔ editing returned arrays and definitions cannot mutate another starter or the public catalog (0.675375ms)
✔ all six starters can finish legal ordinary games and replay exactly without extra rules (1511.426292ms)
✔ interactive tutorial L01: complete every legal learner step, scripted mentor and verified replay (254.369958ms)
✔ interactive tutorial L02: complete every legal learner step, scripted mentor and verified replay (200.244625ms)
✔ interactive tutorial L03: complete every legal learner step, scripted mentor and verified replay (162.300708ms)
✔ interactive tutorial L04: complete every legal learner step, scripted mentor and verified replay (212.223458ms)
✔ interactive tutorial L05: complete every legal learner step, scripted mentor and verified replay (229.14875ms)
✔ tutorial mode cannot enter friend or ordinary bot matches and does not accept unknown or combined fixtures (28.656708ms)
✔ tutorial progress and deterministic mentor actions survive service restart and cannot skip targets (76.808291ms)
✔ ranking boundaries 50/51/100/101 and invalid values remain explicit (1.244958ms)
✔ deck checks report actual counts and incomplete slots without invented win odds (0.531584ms)
✔ preview matches engine combat and offer retirement mind penalty, never mutates input (8.580541ms)
✔ preview self damage and fatigue use actual rules, stale commands do not become actions (2.695709ms)
✔ hidden hand, retort identity and RNG changes cannot alter public previews (5.447791ms)
✔ hints are situational, dismissible and absent on opponent or finished turn (1.337292ms)
ℹ tests 279
ℹ suites 0
ℹ pass 279
ℹ fail 0
ℹ cancelled 0
ℹ skipped 0
ℹ todo 0
ℹ duration_ms 11255.158
